[14:32:04] [Render thread/INFO] [JMLogger] JourneyMap log initialized.
[14:32:04] [Render thread/INFO] [JourneymapClient] initialize ENTER
[14:32:04] [Render thread/INFO] [ClientAPI] [ClientAPI] built with JourneyMap API 2.0.0
[14:32:04] [Render thread/INFO] [PluginHelper] Initialized IJourneyMapPlugin as:com.simibubi.create.compat.trainmap.JourneyTrainMap: for:create
[14:32:04] [Render thread/DEBUG] [JourneymapClient] Loading and Generating Journeymap configs
[14:32:04] [Render thread/WARN] [PropertiesBase] core (Initialized) Bad configField entry during updateFrom(): optionsManagerViewed=null
[14:32:04] [Render thread/INFO] [?] Version: JourneyMap 1.21.1-6.0.0-beta.88, built with neoforge 0.116.7+1.21.1
neoforge: 21.1.229
Environment: os.name, os.arch, java.version, user.country, user.language=null, game language=ru_ru, locale=ru_ru
MP: : PolitEmpire~Reserve : PolitEmpire~Reserve_20de5398~2969~4d4b~b8f4~ca63e6462efc : 
Features: 
	RadarPlayers : singleplayer = true , multiplayer = true
	RadarAnimals : singleplayer = true , multiplayer = true
	RadarMobs : singleplayer = true , multiplayer = true
	RadarVillagers : singleplayer = true , multiplayer = true
	MapTopo : singleplayer = true , multiplayer = true
	MapSurface : singleplayer = true , multiplayer = true
	MapCaves : singleplayer = true , multiplayer = true
	MapBiome : singleplayer = true , multiplayer = true
MiniMapProperties{state=Valid, file=journeymap.minimap.config, configVersion=6.0.0-beta.88, infoSlotTimeFormat=HH:mm:ss, zoomLevel=512, compassFontScale=1.0, infoSlotFontScale=1.0, terrainAlpha=100, showEntityNames=false, showPassiveNames=false, positionX=0.9, positionY=0.25, effectVertical=false, showPlayerHeading=true, sizePercent=30, playerDisplayScale=1.0, showDayNight=true, showPets=true, showPlayerNames=true, preferredMapType=night, showCompass=true, showNpcNames=false, mobDisplay=jm.common.entity_display.dots_and_outlined_icons, showHostileNames=false, systemTimeRealFormat=HH:mm:ss, shape=jm.minimap.shape_circle, showSelf=true, showVillagerNames=false, selfDisplayScale=1.0, showGrid=true, reticleOrientation=jm.minimap.orientation.compass, minimapLockedMapType=jm.common.map_type.auto, effectTranslateX=0, info3LabelPosition=jm.minimap.info_slot.bottom, showWaypoints=true, info2LabelPosition=jm.minimap.info_slot.top, minimapKeyMovementSpeed=0.001, info1LabelPosition=jm.minimap.info_slot.top, showAnimals=true, infoSlotAlpha=0.7, effectTranslateY=0, showWaypointLabels=true, showAmbientNames=false, moveEffectIcons=true, showTeamNames=true, position=jm.minimap.position_topright, fontScale=1.0, info4LabelPosition=jm.minimap.info_slot.bottom, showPlayers=true, waypointIconScale=1.0, frameAlpha=100, effectReversed=false, backgroundAlpha=0.8, enabled=true, showVillagers=true, info2Label=jm.theme.labelsource.gametime, hudRenderLayer=jm.minimap.hud_render_layer_last, info3Label=jm.theme.labelsource.location, caveLayer=4, showMobs=true, waypointLabelScale=1.0, showReticle=true, orientation=jm.minimap.orientation.north, info4Label=jm.theme.labelsource.biome, locationFormat=xzyv, playerDisplay=jm.common.entity_display.outlined_icons, mobDisplayScale=1.0, showOffScreenPlayers=true, showCaves=true, hideEffectIcons=false, showMobHeading=true, locationFormatVerbose=true, showAmbientCreatures=false, showPetNames=false, info1Label=jm.theme.labelsource.blank, showNoIconNames=true}
MiniMapProperties{state=Valid, file=journeymap.minimap2.config, configVersion=6.0.0-beta.88, infoSlotTimeFormat=HH:mm:ss, zoomLevel=512, compassFontScale=1.0, infoSlotFontScale=1.0, terrainAlpha=100, showEntityNames=false, showPassiveNames=false, positionX=0.9, positionY=0.25, effectVertical=false, showPlayerHeading=true, sizePercent=30, playerDisplayScale=1.0, showDayNight=true, showPets=true, showPlayerNames=true, preferredMapType=day, showCompass=true, showNpcNames=false, mobDisplay=jm.common.entity_display.dots_and_outlined_icons, showHostileNames=false, systemTimeRealFormat=HH:mm:ss, shape=jm.minimap.shape_rectangle, showSelf=true, showVillagerNames=false, selfDisplayScale=1.0, showGrid=true, reticleOrientation=jm.minimap.orientation.compass, minimapLockedMapType=jm.common.map_type.auto, effectTranslateX=0, info3LabelPosition=jm.minimap.info_slot.bottom, showWaypoints=true, info2LabelPosition=jm.minimap.info_slot.top, minimapKeyMovementSpeed=0.001, info1LabelPosition=jm.minimap.info_slot.top, showAnimals=true, infoSlotAlpha=0.7, effectTranslateY=0, showWaypointLabels=true, showAmbientNames=false, moveEffectIcons=true, showTeamNames=true, position=jm.minimap.position_topright, fontScale=1.0, info4LabelPosition=jm.minimap.info_slot.bottom, showPlayers=true, waypointIconScale=1.0, frameAlpha=100, effectReversed=false, backgroundAlpha=0.8, enabled=true, showVillagers=true, info2Label=jm.theme.labelsource.gametime, hudRenderLayer=jm.minimap.hud_render_layer_last, info3Label=jm.theme.labelsource.location, caveLayer=4, showMobs=true, waypointLabelScale=1.0, showReticle=true, orientation=jm.minimap.orientation.north, info4Label=jm.theme.labelsource.biome, locationFormat=xzyv, playerDisplay=jm.common.entity_display.outlined_icons, mobDisplayScale=1.0, showOffScreenPlayers=true, showCaves=true, hideEffectIcons=false, showMobHeading=true, locationFormatVerbose=true, showAmbientCreatures=false, showPetNames=false, info1Label=jm.theme.labelsource.blank, showNoIconNames=true}
FullMapProperties{state=Valid, file=journeymap.fullmap.config, configVersion=6.0.0-beta.88, zoomLevel=512, minimalMode=false, showPlayers=true, waypointIconScale=1.0, showEntityNames=false, showPassiveNames=false, showPlayerHeading=true, showVillagers=true, showPlayerLoc=true, showKeys=true, playerDisplayScale=1.0, showMobs=true, showPets=true, waypointLabelScale=1.0, showPlayerNames=true, preferredMapType=day, showNpcNames=false, mobDisplay=jm.common.entity_display.dots_and_outlined_icons, showHostileNames=false, pauseGame=false, showSelf=true, locationFormat=xzyv, playerDisplay=jm.common.entity_display.outlined_icons, showVillagerNames=false, mobDisplayScale=1.0, selfDisplayScale=1.0, showOffScreenPlayers=true, showGrid=true, showMouseLoc=true, showWaypoints=true, showCaves=true, showThemeButton=true, showAnimals=true, showMobHeading=true, showWaypointLabels=true, locationFormatVerbose=true, showAmbientNames=false, showAmbientCreatures=false, showTeamNames=true, showPetNames=false, fontScale=1.0, showNoIconNames=true}
WaypointProperties{state=Valid, file=journeymap.waypoint.config, configVersion=6.0.0-beta.88, autoRemoveDeathpointDistance=2, showPlayers=false, dateFormat=MM-dd-yyyy, autoHideIconAngle=5, autoRemoveDeathpoints=false, autoHideIcon=false, autoHideLabelAngle=5, renderWaypointsWorld=true, showLabelBackground=true, showDeleteConfirmation=true, managerDimensionFocus=false, fullscreenDoubleClickToCreate=true, minDistance=4, coordinatesFormat=XZY, boldLabel=false, disableShare=false, showDeathpointlabel=true, autoHideLabelVertical=true, textureSmall=true, useActionsButton=false, beaconEnabled=true, createDeathpoints=true, disableStrikeThrough=false, renderWaypointsMap=true, showName=true, autoHideLabelVerticalAngle=10, maxDistance=0, ignoreRenderDistance=false, autoHideLabel=true, autoRemoveTempWaypoints=2, teleportCommand=/execute in {dim} run tp {name} {x} {y} {z}, showStaticBeam=true, renderWaypoints=true, wholeNumberTeleportCoords=false, timeFormat=HH:mm:ss, shaderBeacon=false, showDistance=true, showRotatingBeam=true, fontScale=2.0, managerEnabled=true}
WebMapProperties{state=Valid, file=journeymap.webmap.config, configVersion=6.0.0-beta.88, port=8080, enabled=false}
CoreProperties{state=Valid, file=journeymap.core.config, configVersion=6.0.0-beta.88, maxPlayersData=32, mapSurfaceAboveCaves=true, dataCachingEnabled=true, maxAmbientCreaturesData=32, optionsManagerViewed=null, announceMod=true, ignoreSnow=false, colorPassive=#bbbbbb, colorPassiveLabel=#bbbbbb, mapShadows=true, mapBlendWater=true, playerIconFade=true, renderDistanceSurfaceMax=0, seedId=false, colorPetLabel=#0077ff, radarVerticalDistance=16, mapBlendGrass=true, recordCacheStats=false, hideSneakingEntities=true, initialSortOrder=Name, colorPlayerLabel=#ffffff, revealShape=jm.minimap.shape_circle, mapBiome=true, minimapPresetOverlay=true, caveShader=jm.common.map_filter.default, colorVillagerLabel=#88e188, alwaysMapSurface=false, biomeShader=jm.common.map_filter.default, colorVillager=#88e188, mapPlants=false, colorPet=#0077ff, sortDescending=true, radarLateralDistance=64, mapBathymetry=false, mapCrops=true, maxMobsData=32, dayShader=jm.common.map_filter.default, mapPlantShadows=false, alwaysMapCaves=false, checkUpdates=true, colorHostileLabel=#ff0000, mapBlendFoliage=true, netherSurfaceLighting=true, topoMax=0, hideSpectators=false, mappingEnabled=true, colorPlayer=#ffffff, cacheVillagersData=2000, minimapMapTypeOverlay=true, logLevel=INFO, maxVillagersData=32, mapWaterBiomeColors=true, maxAnimalsData=32, mapTransparency=true, caveBlackAsClear=false, caveModeThreshold=2, legacyIcons=false, netherShader=jm.common.map_filter.default, caveIgnoreGlass=true, mapTopography=true, renderDistanceCaveMax=0, mapAntialiasing=true, colorSelf=#0000ff, cachePlayersData=2000, mapOnlyPlayerChunk=false, nightShader=jm.common.map_filter.default, cacheMobsData=3000, drawStepUpdateRate=500, cachePlayerData=1000, splashViewed=6.0.0-beta.88, colorHostile=#ff0000, topoShader=jm.common.map_filter.default, allowMiniMapBehindScreens=true, cacheAnimalsData=3000, ignoreHeightmaps=false, lodsEnabled=true, themeName=Purist, mapCaveLighting=true, renderDelay=500, mobIconFade=true, serverIp=false, glErrorChecking=false, autoMapPoll=2000}
[14:32:04] [Render thread/INFO] [JourneymapClient] initialize EXIT, elapsed count 1 avg 172,44ms
[14:32:07] [Render thread/INFO] [JourneymapClientNeoForge] Journeymap PostInit
[14:32:07] [Render thread/DEBUG] [JourneymapClient] postInitialize ENTER
[14:32:07] [Render thread/TRACE] [ThemeLoader] Initializing themes ...
[14:32:07] [Render thread/INFO] [NeoForgeHooks] ModFileLocation:file:/C:/Users/Artem/AppData/Roaming/PolitEmpire/game%20data/polit/mods/journeymap-neoforge-1.21.1-6.0.0-beta.88.jar
[14:32:07] [Render thread/DEBUG] [FileHandler] ZipFilePath:C:/Users/Artem/AppData/Roaming/PolitEmpire/game data/polit/mods/journeymap-neoforge-1.21.1-6.0.0-beta.88.jar zipEntryName:assets/journeymap/theme/victorian_ destDir:C:\Users\Artem\AppData\Roaming\PolitEmpire\game data\polit\journeymap\icon\theme\victorian_ overWrite:true fromPath:C:/Users/Artem/AppData/Roaming/PolitEmpire/game data/polit/mods/journeymap-neoforge-1.21.1-6.0.0-beta.88.jar
[14:32:07] [Render thread/INFO] [NeoForgeHooks] ModFileLocation:file:/C:/Users/Artem/AppData/Roaming/PolitEmpire/game%20data/polit/mods/journeymap-neoforge-1.21.1-6.0.0-beta.88.jar
[14:32:07] [Render thread/DEBUG] [FileHandler] ZipFilePath:C:/Users/Artem/AppData/Roaming/PolitEmpire/game data/polit/mods/journeymap-neoforge-1.21.1-6.0.0-beta.88.jar zipEntryName:assets/journeymap/theme/flat destDir:C:\Users\Artem\AppData\Roaming\PolitEmpire\game data\polit\journeymap\icon\theme\flat overWrite:true fromPath:C:/Users/Artem/AppData/Roaming/PolitEmpire/game data/polit/mods/journeymap-neoforge-1.21.1-6.0.0-beta.88.jar
[14:32:07] [Render thread/INFO] [NeoForgeHooks] ModFileLocation:file:/C:/Users/Artem/AppData/Roaming/PolitEmpire/game%20data/polit/mods/journeymap-neoforge-1.21.1-6.0.0-beta.88.jar
[14:32:07] [Render thread/DEBUG] [FileHandler] ZipFilePath:C:/Users/Artem/AppData/Roaming/PolitEmpire/game data/polit/mods/journeymap-neoforge-1.21.1-6.0.0-beta.88.jar zipEntryName:assets/journeymap/theme/vault_flat destDir:C:\Users\Artem\AppData\Roaming\PolitEmpire\game data\polit\journeymap\icon\theme\vault_flat overWrite:true fromPath:C:/Users/Artem/AppData/Roaming/PolitEmpire/game data/polit/mods/journeymap-neoforge-1.21.1-6.0.0-beta.88.jar
[14:32:07] [Render thread/INFO] [NeoForgeHooks] ModFileLocation:file:/C:/Users/Artem/AppData/Roaming/PolitEmpire/game%20data/polit/mods/journeymap-neoforge-1.21.1-6.0.0-beta.88.jar
[14:32:07] [Render thread/DEBUG] [FileHandler] ZipFilePath:C:/Users/Artem/AppData/Roaming/PolitEmpire/game data/polit/mods/journeymap-neoforge-1.21.1-6.0.0-beta.88.jar zipEntryName:assets/journeymap/theme/vault destDir:C:\Users\Artem\AppData\Roaming\PolitEmpire\game data\polit\journeymap\icon\theme\vault overWrite:true fromPath:C:/Users/Artem/AppData/Roaming/PolitEmpire/game data/polit/mods/journeymap-neoforge-1.21.1-6.0.0-beta.88.jar
[14:32:07] [Render thread/INFO] [ThemeLoader] Preloaded theme textures: 73
[14:32:07] [Render thread/INFO] [JourneymapClient] postInitialize EXIT, elapsed count 1 avg 793,82ms
[14:32:11] [Render thread/INFO] [ColorPalette] Color palette file generated for 0 blockstates in 0ms for: Default Palette
[14:32:35] [Render thread/INFO] [PlayerConnectHandler] onDisconnect: world is null
[14:32:39] [Render thread/INFO] [JourneymapClient] World UID is set to: 20de5398-2969-4d4b-b8f4-ca63e6462efc
[14:32:39] [Render thread/INFO] [InternalStateHandler] Connection initiated with Journeymap Server: true
[14:32:39] [Render thread/INFO] [InternalStateHandler] Teleport Enabled: true
[14:32:39] [Render thread/INFO] [InternalStateHandler] Expanded Radar Enabled: false
[14:32:39] [Render thread/INFO] [InternalStateHandler] Server Admin Enabled: true
[14:32:39] [Render thread/INFO] [InternalStateHandler] Server set show in-game beacons: true
[14:32:39] [Render thread/INFO] [InternalStateHandler] Server set waypoints allowed: true
[14:32:39] [Render thread/INFO] [InternalStateHandler] Server set Server Admin read only mode: true
[14:32:39] [Render thread/INFO] [InternalStateHandler] Server set maxSurfaceRenderDistance to: 0
[14:32:39] [Render thread/INFO] [InternalStateHandler] Server setmaxCaveRenderDistance to: 0
[14:32:39] [Render thread/INFO] [InternalStateHandler] Server set allow mutliplayer options: true
[14:32:39] [Render thread/INFO] [InternalStateHandler] Server set waypointTeleportOnly: false
[14:32:39] [Render thread/INFO] [InternalStateHandler] Server set globalWaypointsOnly: false
[14:32:39] [Render thread/INFO] [InternalStateHandler] Server set allow radarLateralDistance options: 512
[14:32:39] [Render thread/INFO] [InternalStateHandler] Server set allow radarVerticalDistance options: 320
[14:32:39] [Render thread/INFO] [InternalStateHandler] Server set allow maxAnimalsData options: 128
[14:32:39] [Render thread/INFO] [InternalStateHandler] Server set allow maxAmbientCreaturesData options: 128
[14:32:39] [Render thread/INFO] [InternalStateHandler] Server set allow maxMobsData options: 128
[14:32:39] [Render thread/INFO] [InternalStateHandler] Server set allow maxPlayersData options: 128
[14:32:39] [Render thread/INFO] [InternalStateHandler] Server set allow maxVillagersData options: 128
[14:32:39] [Render thread/INFO] [InternalStateHandler] Server set allow playerRadarNamesEnabled options: false
[14:32:39] [Render thread/INFO] [InternalStateHandler] Server set allow minimapEnabled options: true
[14:32:39] [Render thread/INFO] [InternalStateHandler] Server set allow hideCoordinates options: false
[14:32:39] [Render thread/INFO] [FeatureManager] Feature disabled: MapCaves
[14:32:39] [Render thread/INFO] [FeatureManager] Feature disabled: RadarAnimals
[14:32:39] [Render thread/INFO] [FeatureManager] Feature disabled: RadarMobs
[14:32:39] [Render thread/INFO] [FeatureManager] Feature disabled: RadarPlayers
[14:32:39] [Render thread/INFO] [FeatureManager] Feature disabled: RadarVillagers
[14:32:39] [Render thread/INFO] [InternalStateHandler] Connection initiated with Journeymap Server: true
[14:32:39] [Render thread/INFO] [InternalStateHandler] Teleport Enabled: true
[14:32:39] [Render thread/INFO] [InternalStateHandler] Expanded Radar Enabled: false
[14:32:39] [Render thread/INFO] [InternalStateHandler] Server Admin Enabled: true
[14:32:39] [Render thread/INFO] [InternalStateHandler] Server set show in-game beacons: true
[14:32:39] [Render thread/INFO] [InternalStateHandler] Server set waypoints allowed: true
[14:32:39] [Render thread/INFO] [InternalStateHandler] Server set Server Admin read only mode: true
[14:32:39] [Render thread/INFO] [InternalStateHandler] Server set maxSurfaceRenderDistance to: 0
[14:32:39] [Render thread/INFO] [InternalStateHandler] Server setmaxCaveRenderDistance to: 0
[14:32:39] [Render thread/INFO] [InternalStateHandler] Server set allow mutliplayer options: true
[14:32:39] [Render thread/INFO] [InternalStateHandler] Server set waypointTeleportOnly: false
[14:32:39] [Render thread/INFO] [InternalStateHandler] Server set globalWaypointsOnly: false
[14:32:39] [Render thread/INFO] [InternalStateHandler] Server set allow radarLateralDistance options: 512
[14:32:39] [Render thread/INFO] [InternalStateHandler] Server set allow radarVerticalDistance options: 320
[14:32:39] [Render thread/INFO] [InternalStateHandler] Server set allow maxAnimalsData options: 128
[14:32:39] [Render thread/INFO] [InternalStateHandler] Server set allow maxAmbientCreaturesData options: 128
[14:32:39] [Render thread/INFO] [InternalStateHandler] Server set allow maxMobsData options: 128
[14:32:39] [Render thread/INFO] [InternalStateHandler] Server set allow maxPlayersData options: 128
[14:32:39] [Render thread/INFO] [InternalStateHandler] Server set allow maxVillagersData options: 128
[14:32:39] [Render thread/INFO] [InternalStateHandler] Server set allow playerRadarNamesEnabled options: false
[14:32:39] [Render thread/INFO] [InternalStateHandler] Server set allow minimapEnabled options: true
[14:32:39] [Render thread/INFO] [InternalStateHandler] Server set allow hideCoordinates options: false
[14:32:40] [Render thread/INFO] [ModBlockDelegate] Custom modded block handling enabled for create
[14:32:41] [Render thread/INFO] [ChatLog] JourneyMap: Нажмите [О].
[14:32:41] [Render thread/WARN] [PropertiesBase] core (Initialized) Bad configField entry during updateFrom(): optionsManagerViewed=null
[14:32:41] [Render thread/INFO] [WaypointGroupStore] Loaded 0 waypoint groups from disk.
[14:32:41] [Render thread/INFO] [WaypointHandler] WaypointBackend selected: Server (was=null, shouldBeRemote=true, isJMServer=true, serverManagedWP=true, isServerManagedWaypointConnection=true, hasSingleplayerServer=false)
[14:32:41] [Render thread/INFO] [LegacyWaypointFileMigrator] 0 Legacy waypoints found that need to be migrated and backed up.
[14:32:41] [Render thread/INFO] [ColorPalette] Color palette file generated for 0 blockstates in 0ms for: C:\Users\Artem\AppData\Roaming\PolitEmpire\game data\polit\journeymap\colorpalette.json
[14:32:41] [Render thread/INFO] [ColorPalette] Color palette file generated for 0 blockstates in 0ms for: C:\Users\Artem\AppData\Roaming\PolitEmpire\game data\polit\journeymap\data\mp\PolitEmpire~Reserve_20de5398~2969~4d4b~b8f4~ca63e6462efc\colorpalette.json
[14:32:41] [Render thread/INFO] [JourneymapClient] Mapping started in C:\Users\Artem\AppData\Roaming\PolitEmpire\game data\polit\journeymap\data\mp\PolitEmpire~Reserve_20de5398~2969~4d4b~b8f4~ca63e6462efc\overworld. Memory: 3096MB total, 1162MB free 
[14:32:41] [Render thread/INFO] [JMChunkCache] JMChunkCache: opened at C:\Users\Artem\AppData\Roaming\PolitEmpire\game data\polit\journeymap\data\mp\PolitEmpire~Reserve_20de5398~2969~4d4b~b8f4~ca63e6462efc\overworld\chunk_cache
[14:32:41] [Render thread/INFO] [InternalStateHandler] Connection initiated with Journeymap Server: true
[14:32:41] [Render thread/INFO] [InternalStateHandler] Teleport Enabled: true
[14:32:41] [Render thread/INFO] [InternalStateHandler] Expanded Radar Enabled: false
[14:32:41] [Render thread/INFO] [InternalStateHandler] Server Admin Enabled: true
[14:32:41] [Render thread/INFO] [InternalStateHandler] Server set show in-game beacons: true
[14:32:41] [Render thread/INFO] [InternalStateHandler] Server set waypoints allowed: true
[14:32:41] [Render thread/INFO] [InternalStateHandler] Server set Server Admin read only mode: true
[14:32:41] [Render thread/INFO] [InternalStateHandler] Server set maxSurfaceRenderDistance to: 0
[14:32:41] [Render thread/INFO] [InternalStateHandler] Server setmaxCaveRenderDistance to: 0
[14:32:41] [Render thread/INFO] [InternalStateHandler] Server set allow mutliplayer options: true
[14:32:41] [Render thread/INFO] [InternalStateHandler] Server set waypointTeleportOnly: false
[14:32:41] [Render thread/INFO] [InternalStateHandler] Server set globalWaypointsOnly: false
[14:32:41] [Render thread/INFO] [InternalStateHandler] Server set allow radarLateralDistance options: 512
[14:32:41] [Render thread/INFO] [InternalStateHandler] Server set allow radarVerticalDistance options: 320
[14:32:41] [Render thread/INFO] [InternalStateHandler] Server set allow maxAnimalsData options: 128
[14:32:41] [Render thread/INFO] [InternalStateHandler] Server set allow maxAmbientCreaturesData options: 128
[14:32:41] [Render thread/INFO] [InternalStateHandler] Server set allow maxMobsData options: 128
[14:32:41] [Render thread/INFO] [InternalStateHandler] Server set allow maxPlayersData options: 128
[14:32:41] [Render thread/INFO] [InternalStateHandler] Server set allow maxVillagersData options: 128
[14:32:41] [Render thread/INFO] [InternalStateHandler] Server set allow playerRadarNamesEnabled options: false
[14:32:41] [Render thread/INFO] [InternalStateHandler] Server set allow minimapEnabled options: true
[14:32:41] [Render thread/INFO] [InternalStateHandler] Server set allow hideCoordinates options: false
[14:32:41] [Render thread/INFO] [FeatureManager] Feature disabled: MapCaves
[14:32:41] [Render thread/INFO] [FeatureManager] Feature disabled: RadarAnimals
[14:32:41] [Render thread/INFO] [FeatureManager] Feature disabled: RadarMobs
[14:32:41] [Render thread/INFO] [FeatureManager] Feature disabled: RadarPlayers
[14:32:41] [Render thread/INFO] [FeatureManager] Feature disabled: RadarVillagers
[14:32:41] [Render thread/INFO] [InternalStateHandler] Connection initiated with Journeymap Server: true
[14:32:41] [Render thread/INFO] [InternalStateHandler] Teleport Enabled: true
[14:32:41] [Render thread/INFO] [InternalStateHandler] Expanded Radar Enabled: false
[14:32:41] [Render thread/INFO] [InternalStateHandler] Server Admin Enabled: true
[14:32:41] [Render thread/INFO] [InternalStateHandler] Server set show in-game beacons: true
[14:32:41] [Render thread/INFO] [InternalStateHandler] Server set waypoints allowed: true
[14:32:41] [Render thread/INFO] [InternalStateHandler] Server set Server Admin read only mode: true
[14:32:41] [Render thread/INFO] [InternalStateHandler] Server set maxSurfaceRenderDistance to: 0
[14:32:41] [Render thread/INFO] [InternalStateHandler] Server setmaxCaveRenderDistance to: 0
[14:32:41] [Render thread/INFO] [InternalStateHandler] Server set allow mutliplayer options: true
[14:32:41] [Render thread/INFO] [InternalStateHandler] Server set waypointTeleportOnly: false
[14:32:41] [Render thread/INFO] [InternalStateHandler] Server set globalWaypointsOnly: false
[14:32:41] [Render thread/INFO] [InternalStateHandler] Server set allow radarLateralDistance options: 512
[14:32:41] [Render thread/INFO] [InternalStateHandler] Server set allow radarVerticalDistance options: 320
[14:32:41] [Render thread/INFO] [InternalStateHandler] Server set allow maxAnimalsData options: 128
[14:32:41] [Render thread/INFO] [InternalStateHandler] Server set allow maxAmbientCreaturesData options: 128
[14:32:41] [Render thread/INFO] [InternalStateHandler] Server set allow maxMobsData options: 128
[14:32:41] [Render thread/INFO] [InternalStateHandler] Server set allow maxPlayersData options: 128
[14:32:41] [Render thread/INFO] [InternalStateHandler] Server set allow maxVillagersData options: 128
[14:32:41] [Render thread/INFO] [InternalStateHandler] Server set allow playerRadarNamesEnabled options: false
[14:32:41] [Render thread/INFO] [InternalStateHandler] Server set allow minimapEnabled options: true
[14:32:41] [Render thread/INFO] [InternalStateHandler] Server set allow hideCoordinates options: false
[15:04:14] [Render thread/INFO] [RegionTile] RegionTile LOD queue gate full: queueCount=10 (max=10)
[15:04:15] [Render thread/INFO] [RegionTile] RegionTile LOD queue gate full: queueCount=10 (max=10)
[15:10:46] [Render thread/INFO] [JourneymapClient] Mapping halted in C:\Users\Artem\AppData\Roaming\PolitEmpire\game data\polit\journeymap\data\mp\PolitEmpire~Reserve_20de5398~2969~4d4b~b8f4~ca63e6462efc\minecraft:overworld
[15:10:46] [Render thread/INFO] [JourneymapClient] Mapping halted in C:\Users\Artem\AppData\Roaming\PolitEmpire\game data\polit\journeymap\data\mp\PolitEmpire~Reserve_20de5398~2969~4d4b~b8f4~ca63e6462efc\minecraft:overworld
[15:10:47] [Render thread/INFO] [InternalStateHandler] Connection initiated with Journeymap Server: true
[15:10:47] [Render thread/INFO] [InternalStateHandler] Teleport Enabled: true
[15:10:47] [Render thread/INFO] [InternalStateHandler] Expanded Radar Enabled: false
[15:10:47] [Render thread/INFO] [InternalStateHandler] Server Admin Enabled: true
[15:10:47] [Render thread/INFO] [InternalStateHandler] Server set show in-game beacons: true
[15:10:47] [Render thread/INFO] [InternalStateHandler] Server set waypoints allowed: true
[15:10:47] [Render thread/INFO] [InternalStateHandler] Server set Server Admin read only mode: true
[15:10:47] [Render thread/INFO] [InternalStateHandler] Server set maxSurfaceRenderDistance to: 0
[15:10:47] [Render thread/INFO] [InternalStateHandler] Server setmaxCaveRenderDistance to: 0
[15:10:47] [Render thread/INFO] [InternalStateHandler] Server set allow mutliplayer options: true
[15:10:47] [Render thread/INFO] [InternalStateHandler] Server set waypointTeleportOnly: false
[15:10:47] [Render thread/INFO] [InternalStateHandler] Server set globalWaypointsOnly: false
[15:10:47] [Render thread/INFO] [InternalStateHandler] Server set allow radarLateralDistance options: 512
[15:10:47] [Render thread/INFO] [InternalStateHandler] Server set allow radarVerticalDistance options: 320
[15:10:47] [Render thread/INFO] [InternalStateHandler] Server set allow maxAnimalsData options: 128
[15:10:47] [Render thread/INFO] [InternalStateHandler] Server set allow maxAmbientCreaturesData options: 128
[15:10:47] [Render thread/INFO] [InternalStateHandler] Server set allow maxMobsData options: 128
[15:10:47] [Render thread/INFO] [InternalStateHandler] Server set allow maxPlayersData options: 128
[15:10:47] [Render thread/INFO] [InternalStateHandler] Server set allow maxVillagersData options: 128
[15:10:47] [Render thread/INFO] [InternalStateHandler] Server set allow playerRadarNamesEnabled options: false
[15:10:47] [Render thread/INFO] [InternalStateHandler] Server set allow minimapEnabled options: true
[15:10:47] [Render thread/INFO] [InternalStateHandler] Server set allow hideCoordinates options: false
[15:10:47] [Render thread/INFO] [FeatureManager] Feature disabled: MapCaves
[15:10:47] [Render thread/INFO] [FeatureManager] Feature disabled: RadarAnimals
[15:10:47] [Render thread/INFO] [FeatureManager] Feature disabled: RadarMobs
[15:10:47] [Render thread/INFO] [FeatureManager] Feature disabled: RadarPlayers
[15:10:47] [Render thread/INFO] [FeatureManager] Feature disabled: RadarVillagers
[15:10:47] [Render thread/WARN] [PropertiesBase] core (Initialized) Bad configField entry during updateFrom(): optionsManagerViewed=null
[15:10:47] [Render thread/INFO] [WaypointGroupStore] Loaded 0 waypoint groups from disk.
[15:10:47] [Render thread/INFO] [WaypointHandler] WaypointBackend selected: Server (was=null, shouldBeRemote=true, isJMServer=true, serverManagedWP=true, isServerManagedWaypointConnection=true, hasSingleplayerServer=false)
[15:10:47] [Render thread/INFO] [LegacyWaypointFileMigrator] 0 Legacy waypoints found that need to be migrated and backed up.
[15:10:47] [Render thread/INFO] [ColorPalette] Color palette file generated for 0 blockstates in 0ms for: C:\Users\Artem\AppData\Roaming\PolitEmpire\game data\polit\journeymap\colorpalette.json
[15:10:47] [Render thread/INFO] [ColorPalette] Color palette file generated for 0 blockstates in 0ms for: C:\Users\Artem\AppData\Roaming\PolitEmpire\game data\polit\journeymap\data\mp\PolitEmpire~Reserve_20de5398~2969~4d4b~b8f4~ca63e6462efc\colorpalette.json
[15:10:47] [Render thread/INFO] [JourneymapClient] Mapping started in C:\Users\Artem\AppData\Roaming\PolitEmpire\game data\polit\journeymap\data\mp\PolitEmpire~Reserve_20de5398~2969~4d4b~b8f4~ca63e6462efc\spawn. Memory: 3096MB total, 790MB free 
[15:10:47] [Render thread/INFO] [JMChunkCache] JMChunkCache: opened at C:\Users\Artem\AppData\Roaming\PolitEmpire\game data\polit\journeymap\data\mp\PolitEmpire~Reserve_20de5398~2969~4d4b~b8f4~ca63e6462efc\spawn\chunk_cache
[15:10:47] [Render thread/INFO] [InternalStateHandler] Connection initiated with Journeymap Server: true
[15:10:47] [Render thread/INFO] [InternalStateHandler] Teleport Enabled: true
[15:10:47] [Render thread/INFO] [InternalStateHandler] Expanded Radar Enabled: false
[15:10:47] [Render thread/INFO] [InternalStateHandler] Server Admin Enabled: true
[15:10:47] [Render thread/INFO] [InternalStateHandler] Server set show in-game beacons: true
[15:10:47] [Render thread/INFO] [InternalStateHandler] Server set waypoints allowed: true
[15:10:47] [Render thread/INFO] [InternalStateHandler] Server set Server Admin read only mode: true
[15:10:47] [Render thread/INFO] [InternalStateHandler] Server set maxSurfaceRenderDistance to: 0
[15:10:47] [Render thread/INFO] [InternalStateHandler] Server setmaxCaveRenderDistance to: 0
[15:10:47] [Render thread/INFO] [InternalStateHandler] Server set allow mutliplayer options: true
[15:10:47] [Render thread/INFO] [InternalStateHandler] Server set waypointTeleportOnly: false
[15:10:47] [Render thread/INFO] [InternalStateHandler] Server set globalWaypointsOnly: false
[15:10:47] [Render thread/INFO] [InternalStateHandler] Server set allow radarLateralDistance options: 512
[15:10:47] [Render thread/INFO] [InternalStateHandler] Server set allow radarVerticalDistance options: 320
[15:10:47] [Render thread/INFO] [InternalStateHandler] Server set allow maxAnimalsData options: 128
[15:10:47] [Render thread/INFO] [InternalStateHandler] Server set allow maxAmbientCreaturesData options: 128
[15:10:47] [Render thread/INFO] [InternalStateHandler] Server set allow maxMobsData options: 128
[15:10:47] [Render thread/INFO] [InternalStateHandler] Server set allow maxPlayersData options: 128
[15:10:47] [Render thread/INFO] [InternalStateHandler] Server set allow maxVillagersData options: 128
[15:10:47] [Render thread/INFO] [InternalStateHandler] Server set allow playerRadarNamesEnabled options: false
[15:10:47] [Render thread/INFO] [InternalStateHandler] Server set allow minimapEnabled options: true
[15:10:47] [Render thread/INFO] [InternalStateHandler] Server set allow hideCoordinates options: false
[15:10:47] [Render thread/INFO] [FeatureManager] Feature disabled: MapCaves
[15:10:47] [Render thread/INFO] [FeatureManager] Feature disabled: RadarAnimals
[15:10:47] [Render thread/INFO] [FeatureManager] Feature disabled: RadarMobs
[15:10:47] [Render thread/INFO] [FeatureManager] Feature disabled: RadarPlayers
[15:10:47] [Render thread/INFO] [FeatureManager] Feature disabled: RadarVillagers
[15:10:48] [Render thread/INFO] [InternalStateHandler] Connection initiated with Journeymap Server: true
[15:10:48] [Render thread/INFO] [InternalStateHandler] Teleport Enabled: true
[15:10:48] [Render thread/INFO] [InternalStateHandler] Expanded Radar Enabled: false
[15:10:48] [Render thread/INFO] [InternalStateHandler] Server Admin Enabled: true
[15:10:48] [Render thread/INFO] [InternalStateHandler] Server set show in-game beacons: true
[15:10:48] [Render thread/INFO] [InternalStateHandler] Server set waypoints allowed: true
[15:10:48] [Render thread/INFO] [InternalStateHandler] Server set Server Admin read only mode: true
[15:10:48] [Render thread/INFO] [InternalStateHandler] Server set maxSurfaceRenderDistance to: 0
[15:10:48] [Render thread/INFO] [InternalStateHandler] Server setmaxCaveRenderDistance to: 0
[15:10:48] [Render thread/INFO] [InternalStateHandler] Server set allow mutliplayer options: true
[15:10:48] [Render thread/INFO] [InternalStateHandler] Server set waypointTeleportOnly: false
[15:10:48] [Render thread/INFO] [InternalStateHandler] Server set globalWaypointsOnly: false
[15:10:48] [Render thread/INFO] [InternalStateHandler] Server set allow radarLateralDistance options: 512
[15:10:48] [Render thread/INFO] [InternalStateHandler] Server set allow radarVerticalDistance options: 320
[15:10:48] [Render thread/INFO] [InternalStateHandler] Server set allow maxAnimalsData options: 128
[15:10:48] [Render thread/INFO] [InternalStateHandler] Server set allow maxAmbientCreaturesData options: 128
[15:10:48] [Render thread/INFO] [InternalStateHandler] Server set allow maxMobsData options: 128
[15:10:48] [Render thread/INFO] [InternalStateHandler] Server set allow maxPlayersData options: 128
[15:10:48] [Render thread/INFO] [InternalStateHandler] Server set allow maxVillagersData options: 128
[15:10:48] [Render thread/INFO] [InternalStateHandler] Server set allow playerRadarNamesEnabled options: false
[15:10:48] [Render thread/INFO] [InternalStateHandler] Server set allow minimapEnabled options: true
[15:10:48] [Render thread/INFO] [InternalStateHandler] Server set allow hideCoordinates options: false
[15:10:48] [Render thread/WARN] [JMLogger] GL error 1281 pending before RegionTexture upload (raised by earlier rendering, not JourneyMap): C:\Users\Artem\AppData\Roaming\PolitEmpire\game data\polit\journeymap\data\mp\PolitEmpire~Reserve_20de5398~2969~4d4b~b8f4~ca63e6462efc\spawn\day\0,-1.png
[15:10:48] [Render thread/INFO] [JourneymapClient] Mapping halted in C:\Users\Artem\AppData\Roaming\PolitEmpire\game data\polit\journeymap\data\mp\PolitEmpire~Reserve_20de5398~2969~4d4b~b8f4~ca63e6462efc\minecraft:spawn
[15:10:48] [Render thread/INFO] [JourneymapClient] Mapping halted in C:\Users\Artem\AppData\Roaming\PolitEmpire\game data\polit\journeymap\data\mp\PolitEmpire~Reserve_20de5398~2969~4d4b~b8f4~ca63e6462efc\minecraft:spawn
[15:10:48] [JM-task-5/WARN] [TaskBatch] TaskBatch thread interrupted: journeymap.client.task.multi.MapPlayerTask$MapPlayerTaskBatch@3bde199b
[15:10:49] [Render thread/INFO] [InternalStateHandler] Connection initiated with Journeymap Server: true
[15:10:49] [Render thread/INFO] [InternalStateHandler] Teleport Enabled: true
[15:10:49] [Render thread/INFO] [InternalStateHandler] Expanded Radar Enabled: false
[15:10:49] [Render thread/INFO] [InternalStateHandler] Server Admin Enabled: true
[15:10:49] [Render thread/INFO] [InternalStateHandler] Server set show in-game beacons: true
[15:10:49] [Render thread/INFO] [InternalStateHandler] Server set waypoints allowed: true
[15:10:49] [Render thread/INFO] [InternalStateHandler] Server set Server Admin read only mode: true
[15:10:49] [Render thread/INFO] [InternalStateHandler] Server set maxSurfaceRenderDistance to: 0
[15:10:49] [Render thread/INFO] [InternalStateHandler] Server setmaxCaveRenderDistance to: 0
[15:10:49] [Render thread/INFO] [InternalStateHandler] Server set allow mutliplayer options: true
[15:10:49] [Render thread/INFO] [InternalStateHandler] Server set waypointTeleportOnly: false
[15:10:49] [Render thread/INFO] [InternalStateHandler] Server set globalWaypointsOnly: false
[15:10:49] [Render thread/INFO] [InternalStateHandler] Server set allow radarLateralDistance options: 512
[15:10:49] [Render thread/INFO] [InternalStateHandler] Server set allow radarVerticalDistance options: 320
[15:10:49] [Render thread/INFO] [InternalStateHandler] Server set allow maxAnimalsData options: 128
[15:10:49] [Render thread/INFO] [InternalStateHandler] Server set allow maxAmbientCreaturesData options: 128
[15:10:49] [Render thread/INFO] [InternalStateHandler] Server set allow maxMobsData options: 128
[15:10:49] [Render thread/INFO] [InternalStateHandler] Server set allow maxPlayersData options: 128
[15:10:49] [Render thread/INFO] [InternalStateHandler] Server set allow maxVillagersData options: 128
[15:10:49] [Render thread/INFO] [InternalStateHandler] Server set allow playerRadarNamesEnabled options: false
[15:10:49] [Render thread/INFO] [InternalStateHandler] Server set allow minimapEnabled options: true
[15:10:49] [Render thread/INFO] [InternalStateHandler] Server set allow hideCoordinates options: false
[15:10:49] [Render thread/INFO] [FeatureManager] Feature disabled: MapCaves
[15:10:49] [Render thread/INFO] [FeatureManager] Feature disabled: RadarAnimals
[15:10:49] [Render thread/INFO] [FeatureManager] Feature disabled: RadarMobs
[15:10:49] [Render thread/INFO] [FeatureManager] Feature disabled: RadarPlayers
[15:10:49] [Render thread/INFO] [FeatureManager] Feature disabled: RadarVillagers
[15:10:49] [Render thread/WARN] [PropertiesBase] core (Initialized) Bad configField entry during updateFrom(): optionsManagerViewed=null
[15:10:49] [Render thread/INFO] [WaypointGroupStore] Loaded 0 waypoint groups from disk.
[15:10:49] [Render thread/INFO] [WaypointHandler] WaypointBackend selected: Server (was=null, shouldBeRemote=true, isJMServer=true, serverManagedWP=true, isServerManagedWaypointConnection=true, hasSingleplayerServer=false)
[15:10:49] [Render thread/INFO] [LegacyWaypointFileMigrator] 0 Legacy waypoints found that need to be migrated and backed up.
[15:10:49] [Render thread/INFO] [ColorPalette] Color palette file generated for 0 blockstates in 0ms for: C:\Users\Artem\AppData\Roaming\PolitEmpire\game data\polit\journeymap\colorpalette.json
[15:10:49] [Render thread/INFO] [ColorPalette] Color palette file generated for 0 blockstates in 0ms for: C:\Users\Artem\AppData\Roaming\PolitEmpire\game data\polit\journeymap\data\mp\PolitEmpire~Reserve_20de5398~2969~4d4b~b8f4~ca63e6462efc\colorpalette.json
[15:10:49] [Render thread/INFO] [JourneymapClient] Mapping started in C:\Users\Artem\AppData\Roaming\PolitEmpire\game data\polit\journeymap\data\mp\PolitEmpire~Reserve_20de5398~2969~4d4b~b8f4~ca63e6462efc\overworld. Memory: 3096MB total, 1211MB free 
[15:10:49] [Render thread/INFO] [JMChunkCache] JMChunkCache: opened at C:\Users\Artem\AppData\Roaming\PolitEmpire\game data\polit\journeymap\data\mp\PolitEmpire~Reserve_20de5398~2969~4d4b~b8f4~ca63e6462efc\overworld\chunk_cache
[15:10:49] [Render thread/INFO] [InternalStateHandler] Connection initiated with Journeymap Server: true
[15:10:49] [Render thread/INFO] [InternalStateHandler] Teleport Enabled: true
[15:10:49] [Render thread/INFO] [InternalStateHandler] Expanded Radar Enabled: false
[15:10:49] [Render thread/INFO] [InternalStateHandler] Server Admin Enabled: true
[15:10:49] [Render thread/INFO] [InternalStateHandler] Server set show in-game beacons: true
[15:10:49] [Render thread/INFO] [InternalStateHandler] Server set waypoints allowed: true
[15:10:49] [Render thread/INFO] [InternalStateHandler] Server set Server Admin read only mode: true
[15:10:49] [Render thread/INFO] [InternalStateHandler] Server set maxSurfaceRenderDistance to: 0
[15:10:49] [Render thread/INFO] [InternalStateHandler] Server setmaxCaveRenderDistance to: 0
[15:10:49] [Render thread/INFO] [InternalStateHandler] Server set allow mutliplayer options: true
[15:10:49] [Render thread/INFO] [InternalStateHandler] Server set waypointTeleportOnly: false
[15:10:49] [Render thread/INFO] [InternalStateHandler] Server set globalWaypointsOnly: false
[15:10:49] [Render thread/INFO] [InternalStateHandler] Server set allow radarLateralDistance options: 512
[15:10:49] [Render thread/INFO] [InternalStateHandler] Server set allow radarVerticalDistance options: 320
[15:10:49] [Render thread/INFO] [InternalStateHandler] Server set allow maxAnimalsData options: 128
[15:10:49] [Render thread/INFO] [InternalStateHandler] Server set allow maxAmbientCreaturesData options: 128
[15:10:49] [Render thread/INFO] [InternalStateHandler] Server set allow maxMobsData options: 128
[15:10:49] [Render thread/INFO] [InternalStateHandler] Server set allow maxPlayersData options: 128
[15:10:49] [Render thread/INFO] [InternalStateHandler] Server set allow maxVillagersData options: 128
[15:10:49] [Render thread/INFO] [InternalStateHandler] Server set allow playerRadarNamesEnabled options: false
[15:10:49] [Render thread/INFO] [InternalStateHandler] Server set allow minimapEnabled options: true
[15:10:49] [Render thread/INFO] [InternalStateHandler] Server set allow hideCoordinates options: false
[15:10:49] [Render thread/INFO] [FeatureManager] Feature disabled: MapCaves
[15:10:49] [Render thread/INFO] [FeatureManager] Feature disabled: RadarAnimals
[15:10:49] [Render thread/INFO] [FeatureManager] Feature disabled: RadarMobs
[15:10:49] [Render thread/INFO] [FeatureManager] Feature disabled: RadarPlayers
[15:10:49] [Render thread/INFO] [FeatureManager] Feature disabled: RadarVillagers
[15:10:49] [Render thread/INFO] [InternalStateHandler] Connection initiated with Journeymap Server: true
[15:10:49] [Render thread/INFO] [InternalStateHandler] Teleport Enabled: true
[15:10:49] [Render thread/INFO] [InternalStateHandler] Expanded Radar Enabled: false
[15:10:49] [Render thread/INFO] [InternalStateHandler] Server Admin Enabled: true
[15:10:49] [Render thread/INFO] [InternalStateHandler] Server set show in-game beacons: true
[15:10:49] [Render thread/INFO] [InternalStateHandler] Server set waypoints allowed: true
[15:10:49] [Render thread/INFO] [InternalStateHandler] Server set Server Admin read only mode: true
[15:10:49] [Render thread/INFO] [InternalStateHandler] Server set maxSurfaceRenderDistance to: 0
[15:10:49] [Render thread/INFO] [InternalStateHandler] Server setmaxCaveRenderDistance to: 0
[15:10:49] [Render thread/INFO] [InternalStateHandler] Server set allow mutliplayer options: true
[15:10:49] [Render thread/INFO] [InternalStateHandler] Server set waypointTeleportOnly: false
[15:10:49] [Render thread/INFO] [InternalStateHandler] Server set globalWaypointsOnly: false
[15:10:49] [Render thread/INFO] [InternalStateHandler] Server set allow radarLateralDistance options: 512
[15:10:49] [Render thread/INFO] [InternalStateHandler] Server set allow radarVerticalDistance options: 320
[15:10:49] [Render thread/INFO] [InternalStateHandler] Server set allow maxAnimalsData options: 128
[15:10:49] [Render thread/INFO] [InternalStateHandler] Server set allow maxAmbientCreaturesData options: 128
[15:10:49] [Render thread/INFO] [InternalStateHandler] Server set allow maxMobsData options: 128
[15:10:49] [Render thread/INFO] [InternalStateHandler] Server set allow maxPlayersData options: 128
[15:10:49] [Render thread/INFO] [InternalStateHandler] Server set allow maxVillagersData options: 128
[15:10:49] [Render thread/INFO] [InternalStateHandler] Server set allow playerRadarNamesEnabled options: false
[15:10:49] [Render thread/INFO] [InternalStateHandler] Server set allow minimapEnabled options: true
[15:10:49] [Render thread/INFO] [InternalStateHandler] Server set allow hideCoordinates options: false
[16:57:40] [Render thread/INFO] [TextureCache] [JourneyMap]: Purging Theme Images
[16:57:40] [Render thread/INFO] [TextureCache] [JourneyMap]: Purging Region Images
[16:57:40] [Render thread/INFO] [TextureCache] [JourneyMap]: Purging Mob Icon Images
[16:57:40] [Render thread/INFO] [WaypointGroupStore] Loaded 0 waypoint groups from disk.
[16:57:40] [Render thread/INFO] [WaypointHandler] WaypointBackend selected: Server (was=null, shouldBeRemote=true, isJMServer=true, serverManagedWP=true, isServerManagedWaypointConnection=true, hasSingleplayerServer=false)
[16:57:40] [Render thread/INFO] [WaypointStore] Loaded 0 waypoints from disk.
[16:57:40] [Render thread/INFO] [LegacyWaypointFileMigrator] 0 Legacy waypoints found that need to be migrated and backed up.
[16:57:40] [Render thread/INFO] [JourneymapClient] Mapping halted in C:\Users\Artem\AppData\Roaming\PolitEmpire\game data\polit\journeymap\data\mp\PolitEmpire~Reserve_20de5398~2969~4d4b~b8f4~ca63e6462efc\minecraft:overworld
[16:57:40] [Render thread/INFO] [JourneymapClient] Mapping halted in C:\Users\Artem\AppData\Roaming\PolitEmpire\game data\polit\journeymap\data\mp\PolitEmpire~Reserve_20de5398~2969~4d4b~b8f4~ca63e6462efc\minecraft:overworld
[16:57:40] [Render thread/INFO] [WaypointHandler] WaypointBackend selected: Client (was=Server, shouldBeRemote=false, isJMServer=false, serverManagedWP=false, isServerManagedWaypointConnection=false, hasSingleplayerServer=false)
[16:57:40] [Render thread/INFO] [JourneymapClient] World UID is set to: null
[17:52:33] [Render thread/INFO] [PlayerConnectHandler] onDisconnect: world is null
[17:52:36] [Render thread/INFO] [JourneymapClient] World UID is set to: 20de5398-2969-4d4b-b8f4-ca63e6462efc
[17:52:36] [Render thread/INFO] [InternalStateHandler] Connection initiated with Journeymap Server: true
[17:52:36] [Render thread/INFO] [InternalStateHandler] Teleport Enabled: true
[17:52:36] [Render thread/INFO] [InternalStateHandler] Expanded Radar Enabled: false
[17:52:36] [Render thread/INFO] [InternalStateHandler] Server Admin Enabled: true
[17:52:36] [Render thread/INFO] [InternalStateHandler] Server set show in-game beacons: true
[17:52:36] [Render thread/INFO] [InternalStateHandler] Server set waypoints allowed: true
[17:52:36] [Render thread/INFO] [InternalStateHandler] Server set Server Admin read only mode: true
[17:52:36] [Render thread/INFO] [InternalStateHandler] Server set maxSurfaceRenderDistance to: 0
[17:52:36] [Render thread/INFO] [InternalStateHandler] Server setmaxCaveRenderDistance to: 0
[17:52:36] [Render thread/INFO] [InternalStateHandler] Server set allow mutliplayer options: true
[17:52:36] [Render thread/INFO] [InternalStateHandler] Server set waypointTeleportOnly: false
[17:52:36] [Render thread/INFO] [InternalStateHandler] Server set globalWaypointsOnly: false
[17:52:36] [Render thread/INFO] [InternalStateHandler] Server set allow radarLateralDistance options: 512
[17:52:36] [Render thread/INFO] [InternalStateHandler] Server set allow radarVerticalDistance options: 320
[17:52:36] [Render thread/INFO] [InternalStateHandler] Server set allow maxAnimalsData options: 128
[17:52:36] [Render thread/INFO] [InternalStateHandler] Server set allow maxAmbientCreaturesData options: 128
[17:52:36] [Render thread/INFO] [InternalStateHandler] Server set allow maxMobsData options: 128
[17:52:36] [Render thread/INFO] [InternalStateHandler] Server set allow maxPlayersData options: 128
[17:52:36] [Render thread/INFO] [InternalStateHandler] Server set allow maxVillagersData options: 128
[17:52:36] [Render thread/INFO] [InternalStateHandler] Server set allow playerRadarNamesEnabled options: false
[17:52:36] [Render thread/INFO] [InternalStateHandler] Server set allow minimapEnabled options: true
[17:52:36] [Render thread/INFO] [InternalStateHandler] Server set allow hideCoordinates options: false
[17:52:36] [Render thread/INFO] [FeatureManager] Feature disabled: MapCaves
[17:52:36] [Render thread/INFO] [FeatureManager] Feature disabled: RadarAnimals
[17:52:36] [Render thread/INFO] [FeatureManager] Feature disabled: RadarMobs
[17:52:36] [Render thread/INFO] [FeatureManager] Feature disabled: RadarPlayers
[17:52:36] [Render thread/INFO] [FeatureManager] Feature disabled: RadarVillagers
[17:52:36] [Render thread/INFO] [InternalStateHandler] Connection initiated with Journeymap Server: true
[17:52:36] [Render thread/INFO] [InternalStateHandler] Teleport Enabled: true
[17:52:36] [Render thread/INFO] [InternalStateHandler] Expanded Radar Enabled: false
[17:52:36] [Render thread/INFO] [InternalStateHandler] Server Admin Enabled: true
[17:52:36] [Render thread/INFO] [InternalStateHandler] Server set show in-game beacons: true
[17:52:36] [Render thread/INFO] [InternalStateHandler] Server set waypoints allowed: true
[17:52:36] [Render thread/INFO] [InternalStateHandler] Server set Server Admin read only mode: true
[17:52:36] [Render thread/INFO] [InternalStateHandler] Server set maxSurfaceRenderDistance to: 0
[17:52:36] [Render thread/INFO] [InternalStateHandler] Server setmaxCaveRenderDistance to: 0
[17:52:36] [Render thread/INFO] [InternalStateHandler] Server set allow mutliplayer options: true
[17:52:36] [Render thread/INFO] [InternalStateHandler] Server set waypointTeleportOnly: false
[17:52:36] [Render thread/INFO] [InternalStateHandler] Server set globalWaypointsOnly: false
[17:52:36] [Render thread/INFO] [InternalStateHandler] Server set allow radarLateralDistance options: 512
[17:52:36] [Render thread/INFO] [InternalStateHandler] Server set allow radarVerticalDistance options: 320
[17:52:36] [Render thread/INFO] [InternalStateHandler] Server set allow maxAnimalsData options: 128
[17:52:36] [Render thread/INFO] [InternalStateHandler] Server set allow maxAmbientCreaturesData options: 128
[17:52:36] [Render thread/INFO] [InternalStateHandler] Server set allow maxMobsData options: 128
[17:52:36] [Render thread/INFO] [InternalStateHandler] Server set allow maxPlayersData options: 128
[17:52:36] [Render thread/INFO] [InternalStateHandler] Server set allow maxVillagersData options: 128
[17:52:36] [Render thread/INFO] [InternalStateHandler] Server set allow playerRadarNamesEnabled options: false
[17:52:36] [Render thread/INFO] [InternalStateHandler] Server set allow minimapEnabled options: true
[17:52:36] [Render thread/INFO] [InternalStateHandler] Server set allow hideCoordinates options: false
[17:52:37] [Render thread/WARN] [PropertiesBase] core (Initialized) Bad configField entry during updateFrom(): optionsManagerViewed=null
[17:52:37] [Render thread/INFO] [WaypointGroupStore] Loaded 0 waypoint groups from disk.
[17:52:37] [Render thread/INFO] [WaypointHandler] WaypointBackend selected: Server (was=null, shouldBeRemote=true, isJMServer=true, serverManagedWP=true, isServerManagedWaypointConnection=true, hasSingleplayerServer=false)
[17:52:37] [Render thread/INFO] [LegacyWaypointFileMigrator] 0 Legacy waypoints found that need to be migrated and backed up.
[17:52:37] [Render thread/INFO] [ColorPalette] Color palette file generated for 0 blockstates in 2ms for: C:\Users\Artem\AppData\Roaming\PolitEmpire\game data\polit\journeymap\colorpalette.json
[17:52:37] [Render thread/INFO] [ColorPalette] Color palette file generated for 0 blockstates in 1ms for: C:\Users\Artem\AppData\Roaming\PolitEmpire\game data\polit\journeymap\data\mp\PolitEmpire~Reserve_20de5398~2969~4d4b~b8f4~ca63e6462efc\colorpalette.json
[17:52:37] [Render thread/INFO] [JourneymapClient] Mapping started in C:\Users\Artem\AppData\Roaming\PolitEmpire\game data\polit\journeymap\data\mp\PolitEmpire~Reserve_20de5398~2969~4d4b~b8f4~ca63e6462efc\overworld. Memory: 3096MB total, 1217MB free 
[17:52:37] [Render thread/INFO] [JMChunkCache] JMChunkCache: opened at C:\Users\Artem\AppData\Roaming\PolitEmpire\game data\polit\journeymap\data\mp\PolitEmpire~Reserve_20de5398~2969~4d4b~b8f4~ca63e6462efc\overworld\chunk_cache
[17:52:37] [Render thread/INFO] [InternalStateHandler] Connection initiated with Journeymap Server: true
[17:52:37] [Render thread/INFO] [InternalStateHandler] Teleport Enabled: true
[17:52:37] [Render thread/INFO] [InternalStateHandler] Expanded Radar Enabled: false
[17:52:37] [Render thread/INFO] [InternalStateHandler] Server Admin Enabled: true
[17:52:37] [Render thread/INFO] [InternalStateHandler] Server set show in-game beacons: true
[17:52:37] [Render thread/INFO] [InternalStateHandler] Server set waypoints allowed: true
[17:52:37] [Render thread/INFO] [InternalStateHandler] Server set Server Admin read only mode: true
[17:52:37] [Render thread/INFO] [InternalStateHandler] Server set maxSurfaceRenderDistance to: 0
[17:52:37] [Render thread/INFO] [InternalStateHandler] Server setmaxCaveRenderDistance to: 0
[17:52:37] [Render thread/INFO] [InternalStateHandler] Server set allow mutliplayer options: true
[17:52:37] [Render thread/INFO] [InternalStateHandler] Server set waypointTeleportOnly: false
[17:52:37] [Render thread/INFO] [InternalStateHandler] Server set globalWaypointsOnly: false
[17:52:37] [Render thread/INFO] [InternalStateHandler] Server set allow radarLateralDistance options: 512
[17:52:37] [Render thread/INFO] [InternalStateHandler] Server set allow radarVerticalDistance options: 320
[17:52:37] [Render thread/INFO] [InternalStateHandler] Server set allow maxAnimalsData options: 128
[17:52:37] [Render thread/INFO] [InternalStateHandler] Server set allow maxAmbientCreaturesData options: 128
[17:52:37] [Render thread/INFO] [InternalStateHandler] Server set allow maxMobsData options: 128
[17:52:37] [Render thread/INFO] [InternalStateHandler] Server set allow maxPlayersData options: 128
[17:52:37] [Render thread/INFO] [InternalStateHandler] Server set allow maxVillagersData options: 128
[17:52:37] [Render thread/INFO] [InternalStateHandler] Server set allow playerRadarNamesEnabled options: false
[17:52:37] [Render thread/INFO] [InternalStateHandler] Server set allow minimapEnabled options: true
[17:52:37] [Render thread/INFO] [InternalStateHandler] Server set allow hideCoordinates options: false
[17:52:37] [Render thread/INFO] [FeatureManager] Feature disabled: MapCaves
[17:52:37] [Render thread/INFO] [FeatureManager] Feature disabled: RadarAnimals
[17:52:37] [Render thread/INFO] [FeatureManager] Feature disabled: RadarMobs
[17:52:37] [Render thread/INFO] [FeatureManager] Feature disabled: RadarPlayers
[17:52:37] [Render thread/INFO] [FeatureManager] Feature disabled: RadarVillagers
[17:52:37] [Render thread/INFO] [InternalStateHandler] Connection initiated with Journeymap Server: true
[17:52:37] [Render thread/INFO] [InternalStateHandler] Teleport Enabled: true
[17:52:37] [Render thread/INFO] [InternalStateHandler] Expanded Radar Enabled: false
[17:52:37] [Render thread/INFO] [InternalStateHandler] Server Admin Enabled: true
[17:52:37] [Render thread/INFO] [InternalStateHandler] Server set show in-game beacons: true
[17:52:37] [Render thread/INFO] [InternalStateHandler] Server set waypoints allowed: true
[17:52:37] [Render thread/INFO] [InternalStateHandler] Server set Server Admin read only mode: true
[17:52:37] [Render thread/INFO] [InternalStateHandler] Server set maxSurfaceRenderDistance to: 0
[17:52:37] [Render thread/INFO] [InternalStateHandler] Server setmaxCaveRenderDistance to: 0
[17:52:37] [Render thread/INFO] [InternalStateHandler] Server set allow mutliplayer options: true
[17:52:37] [Render thread/INFO] [InternalStateHandler] Server set waypointTeleportOnly: false
[17:52:37] [Render thread/INFO] [InternalStateHandler] Server set globalWaypointsOnly: false
[17:52:37] [Render thread/INFO] [InternalStateHandler] Server set allow radarLateralDistance options: 512
[17:52:37] [Render thread/INFO] [InternalStateHandler] Server set allow radarVerticalDistance options: 320
[17:52:37] [Render thread/INFO] [InternalStateHandler] Server set allow maxAnimalsData options: 128
[17:52:37] [Render thread/INFO] [InternalStateHandler] Server set allow maxAmbientCreaturesData options: 128
[17:52:37] [Render thread/INFO] [InternalStateHandler] Server set allow maxMobsData options: 128
[17:52:37] [Render thread/INFO] [InternalStateHandler] Server set allow maxPlayersData options: 128
[17:52:37] [Render thread/INFO] [InternalStateHandler] Server set allow maxVillagersData options: 128
[17:52:37] [Render thread/INFO] [InternalStateHandler] Server set allow playerRadarNamesEnabled options: false
[17:52:37] [Render thread/INFO] [InternalStateHandler] Server set allow minimapEnabled options: true
[17:52:37] [Render thread/INFO] [InternalStateHandler] Server set allow hideCoordinates options: false
[17:52:37] [Render thread/WARN] [JMLogger] GL error 1281 pending before RegionTexture upload (raised by earlier rendering, not JourneyMap): C:\Users\Artem\AppData\Roaming\PolitEmpire\game data\polit\journeymap\data\mp\PolitEmpire~Reserve_20de5398~2969~4d4b~b8f4~ca63e6462efc\overworld\day\21,-3.png
[18:48:46] [Render thread/INFO] [TextureCache] [JourneyMap]: Purging Theme Images
[18:48:46] [Render thread/INFO] [TextureCache] [JourneyMap]: Purging Region Images
[18:48:46] [Render thread/INFO] [TextureCache] [JourneyMap]: Purging Mob Icon Images
[18:48:46] [Render thread/INFO] [WaypointGroupStore] Loaded 0 waypoint groups from disk.
[18:48:46] [Render thread/INFO] [WaypointHandler] WaypointBackend selected: Server (was=null, shouldBeRemote=true, isJMServer=true, serverManagedWP=true, isServerManagedWaypointConnection=true, hasSingleplayerServer=false)
[18:48:46] [Render thread/INFO] [WaypointStore] Loaded 0 waypoints from disk.
[18:48:46] [Render thread/INFO] [LegacyWaypointFileMigrator] 0 Legacy waypoints found that need to be migrated and backed up.
[18:48:46] [Render thread/INFO] [JourneymapClient] Mapping halted in C:\Users\Artem\AppData\Roaming\PolitEmpire\game data\polit\journeymap\data\mp\PolitEmpire~Reserve_20de5398~2969~4d4b~b8f4~ca63e6462efc\minecraft:overworld
[18:48:46] [Render thread/INFO] [JourneymapClient] Mapping halted in C:\Users\Artem\AppData\Roaming\PolitEmpire\game data\polit\journeymap\data\mp\PolitEmpire~Reserve_20de5398~2969~4d4b~b8f4~ca63e6462efc\minecraft:overworld
[18:48:46] [JM-task-7/ERROR] [RegionImageHandler] Could not get image from file: C:\Users\Artem\AppData\Roaming\PolitEmpire\game data\polit\journeymap\data\mp\PolitEmpire~Reserve_20de5398~2969~4d4b~b8f4~ca63e6462efc\overworld\day\20,-3.png: null
[18:48:46] [JM-task-7/ERROR] [RegionImageHandler] Could not get image from file: C:\Users\Artem\AppData\Roaming\PolitEmpire\game data\polit\journeymap\data\mp\PolitEmpire~Reserve_20de5398~2969~4d4b~b8f4~ca63e6462efc\overworld\day\20,-3.png: null
[18:48:46] [JM-task-7/WARN] [LodChainStore] LodChainStore: failed to open (lod=1): null
[18:48:46] [JM-task-7/WARN] [LodChainStore] LodChainStore: failed to open (lod=2): null
[18:48:46] [JM-task-7/WARN] [LodChainStore] LodChainStore: failed to open (lod=3): null
[18:48:46] [JM-task-7/WARN] [LodChainStore] LodChainStore: failed to open (lod=4): null
[18:48:46] [JM-task-7/WARN] [LodChainStore] LodChainStore: failed to open (lod=5): null
[18:48:46] [JM-task-7/WARN] [LodChainStore] LodChainStore: failed to open (lod=6): null
[18:48:46] [JM-task-7/WARN] [LodChainStore] LodChainStore: failed to open (lod=7): null
[18:48:46] [JM-task-7/ERROR] [RegionImageHandler] Could not get image from file: C:\Users\Artem\AppData\Roaming\PolitEmpire\game data\polit\journeymap\data\mp\PolitEmpire~Reserve_20de5398~2969~4d4b~b8f4~ca63e6462efc\overworld\night\20,-3.png: null
[18:48:46] [JM-task-7/ERROR] [RegionImageHandler] Could not get image from file: C:\Users\Artem\AppData\Roaming\PolitEmpire\game data\polit\journeymap\data\mp\PolitEmpire~Reserve_20de5398~2969~4d4b~b8f4~ca63e6462efc\overworld\night\20,-3.png: null
[18:48:46] [JM-task-7/WARN] [TaskBatch] TaskBatch thread interrupted: journeymap.client.task.multi.MapPlayerTask$MapPlayerTaskBatch@7511b481
[18:48:46] [Render thread/INFO] [WaypointHandler] WaypointBackend selected: Client (was=Server, shouldBeRemote=false, isJMServer=false, serverManagedWP=false, isServerManagedWaypointConnection=false, hasSingleplayerServer=false)
[18:48:46] [Render thread/INFO] [JourneymapClient] World UID is set to: null
